Using sqlanywhere
Run options: --seed 13907

# Running tests:

.............SSS...................................................................................................................................................................................................................................S..SSSSSSS.......................................................S..............................................F.......S..................................................................SSSSSS..................................................................................................................................................................................................................................................................................................................................................................................................................................................................................................F.F...........S........................................................................................................................................F.................................................................................................................................................................................................................F.................................................................................................................................F................................................F.F...................................F.F...................F.....................................................................F............................................................F......................................F.................................................................................................E........................E.......................................................................................F.....................................................................................................................................F...F.................................................................................................................................................................................................................................................................................................................................................................F.S......S.S..................................................E.......................................................................FF....................................................................................................................................F...F..............................................................................F..................................................................................................................................................................................................................................................................E.E......................................................................................................................................................................................................................................................................................................................................................................................................................SSSSSS..........................E..........S....E....................................

Finished tests in 282.477892s, 12.3726 tests/s, 35.3939 assertions/s.

  1) Failure:
test_remove_column_with_multi_column_index(ActiveRecord::Migration::RenameColumnTest) [/home/chris/Documents/rails/activerecord/test/cases/migration/rename_column_test.rb:115]:
--- expected
+++ actual
@@ -1 +1 @@
-["index_test_models_on_hat_style_and_hat_size"]
+[]


  2) Failure:
test_preserving_time_objects_with_time_with_zone_conversion_to_default_timezone_local(BasicsTest) [/home/chris/Documents/rails/activerecord/test/cases/base_test.rb:280]:
--- expected
+++ actual
@@ -1 +1 @@
-Sat, 01 Jan 2000 00:00:00 CST -06:00
+2000-01-01 06:00:00 -0500


  3) Failure:
test_preserving_time_objects_with_utc_time_conversion_to_default_timezone_local(BasicsTest) [/home/chris/Documents/rails/activerecord/test/cases/base_test.rb:267]:
Expected: 2000-01-01 00:00:00 UTC
  Actual: 2000-01-01 00:00:00 -0500

  4) Failure:
test_pluck_with_selection_clause(CalculationsTest) [/home/chris/Documents/rails/activerecord/test/cases/calculations_test.rb:509]:
Expected: [50, 53, 55, 60]
  Actual: [50, 50, 50, 53, 55, 60]

  5) Failure:
test_should_serialize_datetime_with_timezone_reloaded(DefaultXmlSerializationTimezoneTest) [/home/chris/Documents/rails/activerecord/test/cases/xml_serialization_test.rb:176]:
Expected /<updated-at type=\"dateTime\">2006-07-31T17:00:00-07:00<\/updated-at>/ to match "<?xml version=\"1.0\" encoding=\"UTF-8\"?>\n<toy>\n  <toy-id type=\"integer\">3</toy-id>\n  <name>Minnie</name>\n  <pet-id type=\"integer\" nil=\"true\"/>\n  <integer type=\"integer\" nil=\"true\"/>\n  <created-at type=\"dateTime\">2013-02-14T15:29:47-08:00</created-at>\n  <updated-at type=\"dateTime\">2006-07-31T16:00:00-07:00</updated-at>\n</toy>\n".

  6) Failure:
test_count_eager_with_has_many_and_limit_and_high_offset(EagerAssociationTest) [/home/chris/Documents/rails/activerecord/test/cases/associations/eager_test.rb:580]:
Expected: 0
  Actual: 1

  7) Failure:
test_eager_with_has_many_and_limit_and_conditions_array_on_the_eagers(EagerAssociationTest) [/home/chris/Documents/rails/activerecord/test/cases/associations/eager_test.rb:548]:
Expected: 2
  Actual: 1

  8) Failure:
test_eager_with_has_many_and_limit_and_high_offset(EagerAssociationTest) [/home/chris/Documents/rails/activerecord/test/cases/associations/eager_test.rb:558]:
Expected: 0
  Actual: 1

  9) Failure:
test_limited_eager_with_multiple_order_columns(EagerAssociationTest) [/home/chris/Documents/rails/activerecord/test/cases/associations/eager_test.rb:799]:
--- expected
+++ actual
@@ -1 +1 @@
-[#<StiPost id: 5, author_id: 1, title: "sti me", body: "hello", type: "StiPost", comments_count: 0, taggings_count: 0, taggings_with_delete_all_count: 0, taggings_with_destroy_count: 0, tags_count: 0, tags_with_destroy_count: 0, tags_with_nullify_count: 0>, #<Post id: 4, author_id: 1, title: "sti comments", body: "hello", type: "Post", comments_count: 0, taggings_count: 0, taggings_with_delete_all_count: 0, taggings_with_destroy_count: 0, tags_count: 0, tags_with_destroy_count: 0, tags_with_nullify_count: 0>]
+[#<Post id: 1, author_id: 1, title: "Welcome to the weblog", body: "Such a lovely day", type: "Post", comments_count: 2, taggings_count: 1, taggings_with_delete_all_count: 0, taggings_with_destroy_count: 0, tags_count: 1, tags_with_destroy_count: 0, tags_with_nullify_count: 0>, #<StiPost id: 5, author_id: 1, title: "sti me", body: "hello", type: "StiPost", comments_count: 0, taggings_count: 0, taggings_with_delete_all_count: 0, taggings_with_destroy_count: 0, tags_count: 0, tags_with_destroy_count: 0, tags_with_nullify_count: 0>]


 10) Failure:
test_limited_eager_with_order(EagerAssociationTest) [/home/chris/Documents/rails/activerecord/test/cases/associations/eager_test.rb:782]:
--- expected
+++ actual
@@ -1 +1 @@
-[#<StiPost id: 5, author_id: 1, title: "sti me", body: "hello", type: "StiPost", comments_count: 0, taggings_count: 0, taggings_with_delete_all_count: 0, taggings_with_destroy_count: 0, tags_count: 0, tags_with_destroy_count: 0, tags_with_nullify_count: 0>, #<Post id: 4, author_id: 1, title: "sti comments", body: "hello", type: "Post", comments_count: 0, taggings_count: 0, taggings_with_delete_all_count: 0, taggings_with_destroy_count: 0, tags_count: 0, tags_with_destroy_count: 0, tags_with_nullify_count: 0>]
+[#<Post id: 1, author_id: 1, title: "Welcome to the weblog", body: "Such a lovely day", type: "Post", comments_count: 2, taggings_count: 1, taggings_with_delete_all_count: 0, taggings_with_destroy_count: 0, tags_count: 1, tags_with_destroy_count: 0, tags_with_nullify_count: 0>, #<StiPost id: 5, author_id: 1, title: "sti me", body: "hello", type: "StiPost", comments_count: 0, taggings_count: 0, taggings_with_delete_all_count: 0, taggings_with_destroy_count: 0, tags_count: 0, tags_with_destroy_count: 0, tags_with_nullify_count: 0>]


 11) Failure:
test_order_on_join_table_with_include_and_limit(EagerAssociationTest) [/home/chris/Documents/rails/activerecord/test/cases/associations/eager_test.rb:955]:
Expected: 5
  Actual: 4

 12) Failure:
test_exists_does_not_select_columns_without_alias(FinderTest) [/home/chris/Documents/rails/activerecord/test/cases/finder_test.rb:61]:
Query pattern(s) /SELECT\W+1 AS one FROM ["`]topics["`]/i not found.
Queries:
SELECT TOP (1) 1 AS one FROM "topics" 

 13) Failure:
test_find_with_order_on_included_associations_with_construct_finder_sql_for_association_limiting_and_is_distinct(FinderTest) [/home/chris/Documents/rails/activerecord/test/cases/finder_test.rb:793]:
Expected: 2
  Actual: 1

 14) Failure:
test_take_and_first_and_last_with_integer_should_use_sql_limit(FinderTest) [/home/chris/Documents/rails/activerecord/test/cases/finder_test.rb:253]:
Query pattern(s) /LIMIT 3|ROWNUM <= 3/ not found.
Queries:
SELECT TOP (3) "topics".* FROM "topics" 

 15) Error:
test_count_with_finder_sql(HasAndBelongsToManyAssociationsTest):
ActiveRecord::StatementInvalid: ActiveRecord::ConnectionAdapters::SQLAnywhereException: Function or column reference to 'id' in the ORDER BY clause is invalid: SELECT COUNT(*) FROM developers_projects j, developers t WHERE t.id = j.developer_id AND j.project_id = 1 ORDER BY t.id
    /home/chris/Documents/activerecord-sqlanywhere-adapter/lib/active_record/connection_adapters/sqlanywhere_adapter.rb:290:in `sqlanywhere_error'
    /home/chris/Documents/activerecord-sqlanywhere-adapter/lib/active_record/connection_adapters/sqlanywhere_adapter.rb:285:in `sqlanywhere_error_test'
    /home/chris/Documents/activerecord-sqlanywhere-adapter/lib/active_record/connection_adapters/sqlanywhere_adapter.rb:534:in `block in exec_query'
    /home/chris/Documents/rails/activerecord/lib/active_record/connection_adapters/abstract_adapter.rb:320:in `block in log'
    /home/chris/Documents/rails/activesupport/lib/active_support/notifications/instrumenter.rb:20:in `instrument'
    /home/chris/Documents/rails/activerecord/lib/active_record/connection_adapters/abstract_adapter.rb:315:in `log'
    /home/chris/Documents/activerecord-sqlanywhere-adapter/lib/active_record/connection_adapters/sqlanywhere_adapter.rb:532:in `exec_query'
    /home/chris/Documents/activerecord-sqlanywhere-adapter/lib/active_record/connection_adapters/sqlanywhere_adapter.rb:463:in `select'
    /home/chris/Documents/rails/activerecord/lib/active_record/connection_adapters/abstract/database_statements.rb:24:in `select_all'
    /home/chris/Documents/rails/activerecord/lib/active_record/connection_adapters/abstract/query_cache.rb:63:in `select_all'
    /home/chris/Documents/rails/activerecord/lib/active_record/connection_adapters/abstract/database_statements.rb:30:in `select_one'
    /home/chris/Documents/rails/activerecord/lib/active_record/connection_adapters/abstract/database_statements.rb:36:in `select_value'
    /home/chris/Documents/rails/activerecord/lib/active_record/querying.rb:62:in `block in count_by_sql'
    /home/chris/Documents/rails/activerecord/lib/active_record/explain.rb:36:in `logging_query_plan'
    /home/chris/Documents/rails/activerecord/lib/active_record/querying.rb:60:in `count_by_sql'
    /home/chris/Documents/rails/activerecord/lib/active_record/associations/collection_association.rb:175:in `count'
    /home/chris/Documents/rails/activerecord/lib/active_record/associations/collection_proxy.rb:672:in `count'
    /home/chris/Documents/rails/activerecord/test/cases/associations/has_and_belongs_to_many_associations_test.rb:804:in `test_count_with_finder_sql'

 16) Error:
test_find_scoped_grouped_having(HasAndBelongsToManyAssociationsTest):
ActiveRecord::StatementInvalid: ActiveRecord::ConnectionAdapters::SQLAnywhereException: Invalid expression near 'SUM': SELECT SUM(salary) as salary FROM "developers" INNER JOIN "developers_projects" ON "developers"."id" = "developers_projects"."developer_id" WHERE "developers_projects"."project_id" = ? GROUP BY developers.salary HAVING SUM(salary) > 10000
    /home/chris/Documents/activerecord-sqlanywhere-adapter/lib/active_record/connection_adapters/sqlanywhere_adapter.rb:290:in `sqlanywhere_error'
    /home/chris/Documents/activerecord-sqlanywhere-adapter/lib/active_record/connection_adapters/sqlanywhere_adapter.rb:285:in `sqlanywhere_error_test'
    /home/chris/Documents/activerecord-sqlanywhere-adapter/lib/active_record/connection_adapters/sqlanywhere_adapter.rb:534:in `block in exec_query'
    /home/chris/Documents/rails/activerecord/lib/active_record/connection_adapters/abstract_adapter.rb:320:in `block in log'
    /home/chris/Documents/rails/activesupport/lib/active_support/notifications/instrumenter.rb:20:in `instrument'
    /home/chris/Documents/rails/activerecord/lib/active_record/connection_adapters/abstract_adapter.rb:315:in `log'
    /home/chris/Documents/activerecord-sqlanywhere-adapter/lib/active_record/connection_adapters/sqlanywhere_adapter.rb:532:in `exec_query'
    /home/chris/Documents/activerecord-sqlanywhere-adapter/lib/active_record/connection_adapters/sqlanywhere_adapter.rb:463:in `select'
    /home/chris/Documents/rails/activerecord/lib/active_record/connection_adapters/abstract/database_statements.rb:24:in `select_all'
    /home/chris/Documents/rails/activerecord/lib/active_record/connection_adapters/abstract/query_cache.rb:63:in `select_all'
    /home/chris/Documents/rails/activerecord/lib/active_record/querying.rb:37:in `block in find_by_sql'
    /home/chris/Documents/rails/activerecord/lib/active_record/explain.rb:36:in `logging_query_plan'
    /home/chris/Documents/rails/activerecord/lib/active_record/querying.rb:36:in `find_by_sql'
    /home/chris/Documents/rails/activerecord/lib/active_record/relation.rb:565:in `exec_queries'
    /home/chris/Documents/rails/activerecord/lib/active_record/relation.rb:456:in `block in load'
    /home/chris/Documents/rails/activerecord/lib/active_record/explain.rb:36:in `logging_query_plan'
    /home/chris/Documents/rails/activerecord/lib/active_record/relation.rb:456:in `load'
    /home/chris/Documents/rails/activerecord/lib/active_record/relation.rb:197:in `to_a'
    /home/chris/Documents/rails/activerecord/lib/active_record/associations/collection_association.rb:392:in `find_target'
    /home/chris/Documents/rails/activerecord/lib/active_record/associations/collection_association.rb:335:in `load_target'
    /home/chris/Documents/rails/activerecord/lib/active_record/associations/collection_association.rb:246:in `size'
    /home/chris/Documents/rails/activerecord/lib/active_record/associations/collection_proxy.rb:700:in `size'
    /home/chris/Documents/rails/activerecord/test/cases/associations/has_and_belongs_to_many_associations_test.rb:710:in `test_find_scoped_grouped_having'

 17) Failure:
test_clearing_updates_counter_cache_when_inverse_counter_cache_is_a_symbol_with_dependent_destroy(HasManyAssociationsTest) [/home/chris/Documents/rails/activerecord/test/cases/associations/has_many_associations_test.rb:872]:
"car.reload.engines_count" didn't change by -1.
Expected: 0
  Actual: -1

 18) Failure:
test_transaction_when_deleting_persisted(HasManyAssociationsTest) [/home/chris/Documents/rails/activerecord/test/cases/associations/has_many_associations_test.rb:831]:
--- expected
+++ actual
@@ -1 +1 @@
-[#<Client id: 111, type: "Client", firm_id: nil, firm_name: nil, name: "Good", client_of: 1, rating: 1, account_id: nil, description: "">, #<Client id: 112, type: "Client", firm_id: nil, firm_name: nil, name: "Bad", client_of: 1, rating: 1, account_id: nil, description: "">]
+#<ActiveRecord::Associations::CollectionProxy [#<Client id: 112, type: "Client", firm_id: nil, firm_name: nil, name: "Bad", client_of: 1, rating: 1, account_id: nil, description: "">]>


 19) Failure:
test_transactions_when_replacing_on_persisted(HasManyAssociationsTest) [/home/chris/Documents/rails/activerecord/test/cases/associations/has_many_associations_test.rb:1242]:
--- expected
+++ actual
@@ -1 +1 @@
-[#<Client id: 114, type: "Client", firm_id: nil, firm_name: nil, name: "Good", client_of: 1, rating: 1, account_id: nil, description: "">]
+#<ActiveRecord::Associations::CollectionProxy []>


 20) Failure:
test_add_table_with_decimals(MigrationTest) [/home/chris/Documents/rails/activerecord/test/cases/migration_test.rb:171]:
Expected #<BigDecimal:b6e2318,'0.2718282E1',18(18)> to be a kind of Fixnum, not BigDecimal.

 21) Error:
test_associations_should_work_when_model_has_no_connection(MultipleDbTest):
ActiveRecord::StatementInvalid: ActiveRecord::ConnectionNotEstablished: ActiveRecord::ConnectionNotEstablished: SELECT TOP (1) "colleges".* FROM "colleges"  ORDER BY "colleges"."id" ASC
    /home/chris/Documents/rails/activerecord/lib/active_record/connection_handling.rb:75:in `connection_pool'
    /home/chris/Documents/rails/activerecord/lib/active_record/connection_handling.rb:71:in `connection_config'
    /home/chris/Documents/activerecord-sqlanywhere-adapter/lib/active_record/connection_adapters/sqlanywhere_adapter.rb:626:in `native_type_to_ruby_type'
    /home/chris/Documents/activerecord-sqlanywhere-adapter/lib/active_record/connection_adapters/sqlanywhere_adapter.rb:590:in `block (2 levels) in exec_query'
    /home/chris/Documents/activerecord-sqlanywhere-adapter/lib/active_record/connection_adapters/sqlanywhere_adapter.rb:588:in `each'
    /home/chris/Documents/activerecord-sqlanywhere-adapter/lib/active_record/connection_adapters/sqlanywhere_adapter.rb:588:in `block in exec_query'
    /home/chris/Documents/rails/activerecord/lib/active_record/connection_adapters/abstract_adapter.rb:320:in `block in log'
    /home/chris/Documents/rails/activesupport/lib/active_support/notifications/instrumenter.rb:20:in `instrument'
    /home/chris/Documents/rails/activerecord/lib/active_record/connection_adapters/abstract_adapter.rb:315:in `log'
    /home/chris/Documents/activerecord-sqlanywhere-adapter/lib/active_record/connection_adapters/sqlanywhere_adapter.rb:532:in `exec_query'
    /home/chris/Documents/activerecord-sqlanywhere-adapter/lib/active_record/connection_adapters/sqlanywhere_adapter.rb:463:in `select'
    /home/chris/Documents/rails/activerecord/lib/active_record/connection_adapters/abstract/database_statements.rb:24:in `select_all'
    /home/chris/Documents/rails/activerecord/lib/active_record/connection_adapters/abstract/query_cache.rb:63:in `select_all'
    /home/chris/Documents/rails/activerecord/lib/active_record/querying.rb:37:in `block in find_by_sql'
    /home/chris/Documents/rails/activerecord/lib/active_record/explain.rb:36:in `logging_query_plan'
    /home/chris/Documents/rails/activerecord/lib/active_record/querying.rb:36:in `find_by_sql'
    /home/chris/Documents/rails/activerecord/lib/active_record/relation.rb:565:in `exec_queries'
    /home/chris/Documents/rails/activerecord/lib/active_record/relation.rb:456:in `block in load'
    /home/chris/Documents/rails/activerecord/lib/active_record/explain.rb:36:in `logging_query_plan'
    /home/chris/Documents/rails/activerecord/lib/active_record/relation.rb:456:in `load'
    /home/chris/Documents/rails/activerecord/lib/active_record/relation.rb:197:in `to_a'
    /home/chris/Documents/rails/activerecord/lib/active_record/relation/finder_methods.rb:312:in `find_first'
    /home/chris/Documents/rails/activerecord/lib/active_record/relation/finder_methods.rb:90:in `first'
    /home/chris/.rvm/gems/ruby-1.9.3-p362@rails_adapter_test/bundler/gems/activerecord-deprecated_finders-5937f3e7102f/lib/active_record/deprecated_finders/relation.rb:129:in `first'
    /home/chris/Documents/rails/activerecord/lib/active_record/querying.rb:3:in `first'
    /home/chris/Documents/rails/activerecord/test/cases/multiple_db_test.rb:101:in `block in test_associations_should_work_when_model_has_no_connection'
    /home/chris/Documents/rails/activesupport/lib/active_support/test_case.rb:64:in `assert_nothing_raised'
    /home/chris/Documents/rails/activerecord/test/cases/multiple_db_test.rb:100:in `test_associations_should_work_when_model_has_no_connection'

 22) Failure:
test_distinct_has_many_through_a_has_many_through_association_on_source_reflection(NestedThroughAssociationsTest) [/home/chris/Documents/rails/activerecord/test/cases/associations/nested_through_associations_test.rb:397]:
--- expected
+++ actual
@@ -1 +1 @@
-[#<Tag id: 1, name: "General", taggings_count: 0>]
+#<ActiveRecord::Associations::CollectionProxy [#<Tag id: 1, name: "General", taggings_count: 0>, #<Tag id: 1, name: "General", taggings_count: 0>]>


 23) Failure:
test_distinct_has_many_through_a_has_many_through_association_on_through_reflection(NestedThroughAssociationsTest) [/home/chris/Documents/rails/activerecord/test/cases/associations/nested_through_associations_test.rb:402]:
--- expected
+++ actual
@@ -1 +1 @@
-[#<Subscriber nick: "alterself", name: "Luke Holden", books_count: 0>, #<Subscriber nick: "webster132", name: "David Heinemeier Hansson", books_count: 0>]
+#<ActiveRecord::Relation [#<Subscriber nick: "alterself", name: "Luke Holden", books_count: 0>, #<Subscriber nick: "webster132", name: "David Heinemeier Hansson", books_count: 0>, #<Subscriber nick: "webster132", name: "David Heinemeier Hansson", books_count: 0>]>


 24) Failure:
test_string_ids(PersistencesTest) [/home/chris/Documents/rails/activerecord/test/cases/persistence_test.rb:405]:
Expected: "1234"
  Actual: "'1234'"

 25) Failure:
test_update_all_doesnt_ignore_order(PersistencesTest) [/home/chris/Documents/rails/activerecord/test/cases/persistence_test.rb:44]:
Failed assertion, no message given.

 26) Failure:
test_cache_does_not_wrap_string_results_in_arrays(QueryCacheTest) [/home/chris/Documents/rails/activerecord/test/cases/query_cache_test.rb:175]:
Expected 2 to be an instance of String, not Fixnum.

 27) Error:
test_update_all_with_joins_and_limit(RelationTest):
ActiveRecord::StatementInvalid: ActiveRecord::ConnectionAdapters::SQLAnywhereException: The result returned is non-deterministic: UPDATE "comments" SET "comments"."post_id" = 2 WHERE "comments"."id" IN (SELECT TOP (1) "comments"."id" FROM "comments" INNER JOIN "posts" ON "posts"."id" = "comments"."post_id" WHERE "posts"."id" = 1)
    /home/chris/Documents/activerecord-sqlanywhere-adapter/lib/active_record/connection_adapters/sqlanywhere_adapter.rb:290:in `sqlanywhere_error'
    /home/chris/Documents/activerecord-sqlanywhere-adapter/lib/active_record/connection_adapters/sqlanywhere_adapter.rb:285:in `sqlanywhere_error_test'
    /home/chris/Documents/activerecord-sqlanywhere-adapter/lib/active_record/connection_adapters/sqlanywhere_adapter.rb:570:in `block in exec_query'
    /home/chris/Documents/rails/activerecord/lib/active_record/connection_adapters/abstract_adapter.rb:320:in `block in log'
    /home/chris/Documents/rails/activesupport/lib/active_support/notifications/instrumenter.rb:20:in `instrument'
    /home/chris/Documents/rails/activerecord/lib/active_record/connection_adapters/abstract_adapter.rb:315:in `log'
    /home/chris/Documents/activerecord-sqlanywhere-adapter/lib/active_record/connection_adapters/sqlanywhere_adapter.rb:532:in `exec_query'
    /home/chris/Documents/activerecord-sqlanywhere-adapter/lib/active_record/connection_adapters/sqlanywhere_adapter.rb:612:in `exec_delete'
    /home/chris/Documents/rails/activerecord/lib/active_record/connection_adapters/abstract/database_statements.rb:102:in `update'
    /home/chris/Documents/rails/activerecord/lib/active_record/connection_adapters/abstract/query_cache.rb:14:in `update'
    /home/chris/Documents/rails/activerecord/lib/active_record/relation.rb:287:in `update_all'
    /home/chris/.rvm/gems/ruby-1.9.3-p362@rails_adapter_test/bundler/gems/activerecord-deprecated_finders-5937f3e7102f/lib/active_record/deprecated_finders/relation.rb:54:in `update_all_with_deprecated_options'
    /home/chris/Documents/rails/activerecord/test/cases/relations_test.rb:1221:in `test_update_all_with_joins_and_limit'

 28) Error:
test_update_all_with_joins_and_offset(RelationTest):
ActiveRecord::StatementInvalid: ActiveRecord::ConnectionAdapters::SQLAnywhereException: The result returned is non-deterministic: UPDATE "comments" SET "comments"."post_id" = 2 WHERE "comments"."id" IN (SELECT TOP (2147483647) START AT (2) "comments"."id" FROM "comments" INNER JOIN "posts" ON "posts"."id" = "comments"."post_id" WHERE "posts"."id" = 1)
    /home/chris/Documents/activerecord-sqlanywhere-adapter/lib/active_record/connection_adapters/sqlanywhere_adapter.rb:290:in `sqlanywhere_error'
    /home/chris/Documents/activerecord-sqlanywhere-adapter/lib/active_record/connection_adapters/sqlanywhere_adapter.rb:285:in `sqlanywhere_error_test'
    /home/chris/Documents/activerecord-sqlanywhere-adapter/lib/active_record/connection_adapters/sqlanywhere_adapter.rb:570:in `block in exec_query'
    /home/chris/Documents/rails/activerecord/lib/active_record/connection_adapters/abstract_adapter.rb:320:in `block in log'
    /home/chris/Documents/rails/activesupport/lib/active_support/notifications/instrumenter.rb:20:in `instrument'
    /home/chris/Documents/rails/activerecord/lib/active_record/connection_adapters/abstract_adapter.rb:315:in `log'
    /home/chris/Documents/activerecord-sqlanywhere-adapter/lib/active_record/connection_adapters/sqlanywhere_adapter.rb:532:in `exec_query'
    /home/chris/Documents/activerecord-sqlanywhere-adapter/lib/active_record/connection_adapters/sqlanywhere_adapter.rb:612:in `exec_delete'
    /home/chris/Documents/rails/activerecord/lib/active_record/connection_adapters/abstract/database_statements.rb:102:in `update'
    /home/chris/Documents/rails/activerecord/lib/active_record/connection_adapters/abstract/query_cache.rb:14:in `update'
    /home/chris/Documents/rails/activerecord/lib/active_record/relation.rb:287:in `update_all'
    /home/chris/.rvm/gems/ruby-1.9.3-p362@rails_adapter_test/bundler/gems/activerecord-deprecated_finders-5937f3e7102f/lib/active_record/deprecated_finders/relation.rb:54:in `update_all_with_deprecated_options'
    /home/chris/Documents/rails/activerecord/test/cases/relations_test.rb:1236:in `test_update_all_with_joins_and_offset'

 29) Error:
test_leaky_destroy(TransactionalFixturesOnCustomConnectionTest):
ActiveRecord::RecordNotFound: Couldn't find Course with id=1
    /home/chris/Documents/rails/activerecord/lib/active_record/relation/finder_methods.rb:265:in `find_one'
    /home/chris/Documents/rails/activerecord/lib/active_record/relation/finder_methods.rb:246:in `find_with_ids'
    /home/chris/Documents/rails/activerecord/lib/active_record/relation/finder_methods.rb:35:in `find'
    /home/chris/.rvm/gems/ruby-1.9.3-p362@rails_adapter_test/bundler/gems/activerecord-deprecated_finders-5937f3e7102f/lib/active_record/deprecated_finders/relation.rb:122:in `find'
    /home/chris/Documents/rails/activerecord/lib/active_record/querying.rb:3:in `find'
    /home/chris/Documents/rails/activerecord/lib/active_record/fixtures.rb:699:in `find'
    /home/chris/Documents/rails/activerecord/lib/active_record/fixtures.rb:807:in `block (4 levels) in setup_fixture_accessors'
    /home/chris/Documents/rails/activerecord/lib/active_record/fixtures.rb:802:in `map'
    /home/chris/Documents/rails/activerecord/lib/active_record/fixtures.rb:802:in `block (3 levels) in setup_fixture_accessors'
    /home/chris/Documents/rails/activerecord/test/cases/fixtures_test.rb:501:in `block in test_leaky_destroy'
    /home/chris/Documents/rails/activesupport/lib/active_support/test_case.rb:64:in `assert_nothing_raised'
    /home/chris/Documents/rails/activerecord/test/cases/fixtures_test.rb:501:in `test_leaky_destroy'

 30) Error:
test_validate_uniqueness_with_limit_and_utf8(UniquenessValidationTest):
ActiveRecord::StatementInvalid: ActiveRecord::ConnectionAdapters::SQLAnywhereException: Right truncation of string data: INSERT INTO "events" ("title") VALUES (?)
    /home/chris/Documents/activerecord-sqlanywhere-adapter/lib/active_record/connection_adapters/sqlanywhere_adapter.rb:290:in `sqlanywhere_error'
    /home/chris/Documents/activerecord-sqlanywhere-adapter/lib/active_record/connection_adapters/sqlanywhere_adapter.rb:285:in `sqlanywhere_error_test'
    /home/chris/Documents/activerecord-sqlanywhere-adapter/lib/active_record/connection_adapters/sqlanywhere_adapter.rb:570:in `block in exec_query'
    /home/chris/Documents/rails/activerecord/lib/active_record/connection_adapters/abstract_adapter.rb:320:in `block in log'
    /home/chris/Documents/rails/activesupport/lib/active_support/notifications/instrumenter.rb:20:in `instrument'
    /home/chris/Documents/rails/activerecord/lib/active_record/connection_adapters/abstract_adapter.rb:315:in `log'
    /home/chris/Documents/activerecord-sqlanywhere-adapter/lib/active_record/connection_adapters/sqlanywhere_adapter.rb:532:in `exec_query'
    /home/chris/Documents/rails/activerecord/lib/active_record/connection_adapters/abstract/database_statements.rb:69:in `exec_insert'
    /home/chris/Documents/rails/activerecord/lib/active_record/connection_adapters/abstract/database_statements.rb:96:in `insert'
    /home/chris/Documents/rails/activerecord/lib/active_record/connection_adapters/abstract/query_cache.rb:14:in `insert'
    /home/chris/Documents/rails/activerecord/lib/active_record/relation.rb:76:in `insert'
    /home/chris/Documents/rails/activerecord/lib/active_record/persistence.rb:436:in `create_record'
    /home/chris/Documents/rails/activerecord/lib/active_record/attribute_methods/dirty.rb:78:in `create_record'
    /home/chris/Documents/rails/activerecord/lib/active_record/callbacks.rb:303:in `block in create_record'
    /home/chris/Documents/rails/activesupport/lib/active_support/callbacks.rb:373:in `_run__4484115000490938852__create__callbacks'
    /home/chris/Documents/rails/activesupport/lib/active_support/callbacks.rb:78:in `run_callbacks'
    /home/chris/Documents/rails/activerecord/lib/active_record/callbacks.rb:303:in `create_record'
    /home/chris/Documents/rails/activerecord/lib/active_record/timestamp.rb:57:in `create_record'
    /home/chris/Documents/rails/activerecord/lib/active_record/persistence.rb:413:in `create_or_update'
    /home/chris/Documents/rails/activerecord/lib/active_record/callbacks.rb:299:in `block in create_or_update'
    /home/chris/Documents/rails/activesupport/lib/active_support/callbacks.rb:373:in `_run__4484115000490938852__save__callbacks'
    /home/chris/Documents/rails/activesupport/lib/active_support/callbacks.rb:78:in `run_callbacks'
    /home/chris/Documents/rails/activerecord/lib/active_record/callbacks.rb:299:in `create_or_update'
    /home/chris/Documents/rails/activerecord/lib/active_record/persistence.rb:101:in `save'
    /home/chris/Documents/rails/activerecord/lib/active_record/validations.rb:51:in `save'
    /home/chris/Documents/rails/activerecord/lib/active_record/attribute_methods/dirty.rb:32:in `save'
    /home/chris/Documents/rails/activerecord/lib/active_record/transactions.rb:269:in `block (2 levels) in save'
    /home/chris/Documents/rails/activerecord/lib/active_record/transactions.rb:325:in `block in with_transaction_returning_status'
    /home/chris/Documents/rails/activerecord/lib/active_record/connection_adapters/abstract/database_statements.rb:201:in `block in transaction'
    /home/chris/Documents/rails/activerecord/lib/active_record/connection_adapters/abstract/database_statements.rb:209:in `within_new_transaction'
    /home/chris/Documents/rails/activerecord/lib/active_record/connection_adapters/abstract/database_statements.rb:201:in `transaction'
    /home/chris/Documents/rails/activerecord/lib/active_record/transactions.rb:209:in `transaction'
    /home/chris/Documents/rails/activerecord/lib/active_record/transactions.rb:322:in `with_transaction_returning_status'
    /home/chris/Documents/rails/activerecord/lib/active_record/transactions.rb:269:in `block in save'
    /home/chris/Documents/rails/activerecord/lib/active_record/transactions.rb:280:in `rollback_active_record_state!'
    /home/chris/Documents/rails/activerecord/lib/active_record/transactions.rb:268:in `save'
    /home/chris/Documents/rails/activerecord/lib/active_record/persistence.rb:37:in `create'
    /home/chris/Documents/rails/activerecord/test/cases/validations/uniqueness_validation_test.rb:315:in `test_validate_uniqueness_with_limit_and_utf8'

3495 tests, 9998 assertions, 23 failures, 7 errors, 30 skips
